[simplychocolate.dk/index.html]
[backblue.gif]
[fade.gif]
[index.html]
[simplychocolate.dk/index.html]
[simplychocolate.dk/wp-content/themes/simply-chocolate/media/favicon/apple-touch-icon-114x114.png]
[simplychocolate.dk/wp-content/themes/simply-chocolate/media/favicon/apple-touch-icon-57x57.png]
[simplychocolate.dk/wp-content/themes/simply-chocolate/media/favicon/apple-touch-icon-72x72.png]
[simplychocolate.dk/wp-content/themes/simply-chocolate/media/favicon/apple-touch-icon-144x144.png]
[simplychocolate.dk/wp-content/themes/simply-chocolate/media/favicon/apple-touch-icon-120x120.png]
[simplychocolate.dk/wp-content/themes/simply-chocolate/media/favicon/apple-touch-icon-152x152.png]
[simplychocolate.dk/wp-content/themes/simply-chocolate/media/favicon/favicon-32x32.png]
[simplychocolate.dk/wp-content/themes/simply-chocolate/media/favicon/favicon-16x16.png]
[simplychocolate.dk/wp-content/themes/simply-chocolate/media/favicon/mstile-144x144.png]
[simplychocolate.dk/wp-content/uploads/2017/10/FB.jpg]
[simplychocolate.dk/wp-content/uploads/2018/12/CrispyCarrie.jpg]
[simplychocolate.dk/wp-content/themes/simply-chocolate/static/font.bundle18c7.css]
[simplychocolate.dk/wp-content/plugins/woocommerce-aelia-currencyswitcher/src/design/css/frontendd3a9.css]
[simplychocolate.dk/shop/feed/index.html]
[simplychocolate.dk/wp-includes/js/jquery/jquery-migrate.min330a.js]
[simplychocolate.dk/wp-content/themes/simply-chocolate/static/app.bundle18c7.css]
[simplychocolate.dk/wp-content/plugins/woocommerce-aelia-currencyswitcher/src/design/css/frontendd3a9.css]
[simplychocolate.dk/wp-includes/js/jquery/jqueryb8ff.js]
[simplychocolate.dk/wp-includes/wlwmanifest.xml]
[simplychocolate.dk/wp-content/themes/simply-chocolate/static/font.bundle18c7.css]
[simplychocolate.dk/wp-content/themes/simply-chocolate/static/app.bundle18c7.css]
[simplychocolate.dk/xmlrpc0db0.php]
[simplychocolate.dk/wp-includes/js/jquery/jqueryb8ff.js]
[simplychocolate.dk/wp-json/index.html]
[simplychocolate.dk/wp-includes/js/jquery/jquery-migrate.min330a.js]
[simplychocolate.dk/news/index.html]
[simplychocolate.dk/about/index.html]
[simplychocolate.dk/stores/index.html]
[simplychocolate.dk/catalogue/index.html]
[simplychocolate.dk/index7718.html]
[simplychocolate.dk/travelretail/index.html]
[simplychocolate.dk/news/index.html]
[simplychocolate.dk/cocoa-horizons/index.html]
[simplychocolate.dk/about/index.html]
[simplychocolate.dk/product/crispy-carrie/index.html]
[simplychocolate.dk/stores/index.html]
[simplychocolate.dk/product/fresh-freddie/index.html]
[simplychocolate.dk/product/salty-fred/index.html]
[simplychocolate.dk/catalogue/index.html]
[simplychocolate.dk/product/persian-perry/index.html]
[simplychocolate.dk/travelretail/index.html]
[simplychocolate.dk/product/dark-marci/index.html]
[simplychocolate.dk/cocoa-horizons/index.html]
[simplychocolate.dk/product/grainy-billy/index.html]
[simplychocolate.dk/product/crispy-carrie/index.html]
[simplychocolate.dk/product/grainy-sue/index.html]
[simplychocolate.dk/product/salty-fred/index.html]
[simplychocolate.dk/product/speedy-tom/index.html]
[simplychocolate.dk/wp-content/plugins/woocommerce-aelia-currencyswitcher/src/js/frontend/wc-aelia-currency-switcherd3a9.js]
[simplychocolate.dk/product/fit-fiona/index.html]
[simplychocolate.dk/product/fresh-freddie/index.html]
[simplychocolate.dk/product/rich-arnold/index.html]
[simplychocolate.dk/wp-content/plugins/woocommerce/assets/js/frontend/add-to-cart.min6b00.js]
[simplychocolate.dk/wp-content/plugins/woocommerce/assets/js/js-cookie/js.cookie.min6b25.js]
[simplychocolate.dk/wp-content/plugins/woocommerce/assets/js/jquery-blockui/jquery.blockUI.min44fd.js]
[simplychocolate.dk/product/persian-perry/index.html]
[simplychocolate.dk/wp-content/plugins/woocommerce/assets/js/frontend/cart-fragments.min6b00.js]
[simplychocolate.dk/wp-content/plugins/woocommerce/assets/js/frontend/woocommerce.min6b00.js]
[simplychocolate.dk/product/dark-marci/index.html]
[simplychocolate.dk/wp-content/themes/simply-chocolate/static/app.bundle18c7.js]
[simplychocolate.dk/wp-includes/js/wp-embed.min4a41.js]
[simplychocolate.dk/wp-content/themes/simply-chocolate/static/fonts/1dba0a33505dccd565ff6d99c85f3492.woff2]
[simplychocolate.dk/product/grainy-sue/index.html]
[simplychocolate.dk/wp-content/themes/simply-chocolate/static/fonts/fe8f898c38c37aa498c7d48f95d3488c.woff]
[simplychocolate.dk/wp-content/themes/simply-chocolate/static/fonts/d3bb0a1fd5b699a2ed2e7f49cd0f1bda.ttf]
[simplychocolate.dk/product/grainy-billy/index.html]
[simplychocolate.dk/index2647.html]
[simplychocolate.dk/product/speedy-tom/index.html]
[simplychocolate.dk/wp-content/themes/simply-chocolate/media/loader.gif]
[simplychocolate.dk/product/fit-fiona/index.html]
[simplychocolate.dk/wp-content/themes/simply-chocolate/static/vendor.bundle18c7.js]
[simplychocolate.dk/product/rich-arnold/index.html]
[simplychocolate.dk/wp-content/themes/simply-chocolate/media/arrow_bn.png]
[simplychocolate.dk/wp-content/plugins/woocommerce-aelia-currencyswitcher/src/js/frontend/wc-aelia-currency-switcherd3a9.js]
[simplychocolate.dk/wp-content/plugins/woocommerce/assets/js/frontend/add-to-cart.min6b00.js]
[simplychocolate.dk/wp-json/oembed/1.0/embeddce4.json]
[simplychocolate.dk/wp-content/plugins/woocommerce/assets/js/jquery-blockui/jquery.blockUI.min44fd.js]
[simplychocolate.dk/wp-json/oembed/1.0/embed26d6]
[simplychocolate.dk/wp-content/plugins/woocommerce/assets/js/js-cookie/js.cookie.min6b25.js]
[simplychocolate.dk/wp-content/plugins/woocommerce/assets/js/frontend/woocommerce.min6b00.js]
[simplychocolate.dk/santasfavorite/index.html]
[simplychocolate.dk/wp-content/plugins/woocommerce/assets/js/frontend/cart-fragments.min6b00.js]
[simplychocolate.dk/wp-content/uploads/2019/12/SC_Jul2019Februar_12-1.jpg]
[simplychocolate.dk/wp-content/uploads/2019/11/Final_Slut2.jpg]
[simplychocolate.dk/wp-content/uploads/2019/11/Final_Blå.jpg]
[simplychocolate.dk/wp-content/uploads/2019/11/Final_Hvid.jpg]
[simplychocolate.dk/wp-content/uploads/2019/09/Fotosession_AugustHigh_17_Logo.jpg]
[simplychocolate.dk/wp-content/uploads/2019/09/Fotosession_AugustHigh_07_Logo_Small.jpg]
[simplychocolate.dk/wp-content/uploads/2019/11/Final_Guld.jpg]
[simplychocolate.dk/wp-content/uploads/2019/09/Crispy-Carrie.jpg]
[simplychocolate.dk/wp-content/uploads/2019/09/Fotosession_AugustHigh_16_Small.jpg]
[simplychocolate.dk/wp-content/uploads/2019/09/Fotosession_AugustHigh_10_Logo_Small.jpg]
[simplychocolate.dk/wp-content/uploads/2019/08/Pride_Juli_High_07.jpg]
[simplychocolate.dk/wp-content/uploads/2019/08/Pride_Juli_High_15.jpg]
[simplychocolate.dk/wp-content/uploads/2019/08/Fotosession_Juli_High_21-3.jpg]
[simplychocolate.dk/wp-content/uploads/2019/05/Blog_Passion-3.png]
[simplychocolate.dk/wp-content/uploads/2019/05/SAS_HandLuggage.jpg]
[simplychocolate.dk/wp-content/uploads/2018/10/4D3C2824.jpg]
[simplychocolate.dk/wp-content/themes/simply-chocolate/static/vendor.bundle18c7.js]
[simplychocolate.dk/wp-content/uploads/2018/10/AY7A9427.jpg]
[simplychocolate.dk/wp-content/uploads/2018/08/7848_low.jpg]
[simplychocolate.dk/wp-content/uploads/2018/08/7859_low.jpg]
[simplychocolate.dk/wp-content/uploads/2018/08/7870.jpg]
[simplychocolate.dk/wp-json/oembed/1.0/embed5440.json]
[simplychocolate.dk/wp-content/themes/simply-chocolate/static/app.bundle18c7.js]
[simplychocolate.dk/wp-json/oembed/1.0/embedfec4]
[simplychocolate.dk/wp-includes/js/wp-embed.min4a41.js]
[simplychocolate.dk/indexe6f0.html]
[simplychocolate.dk/wp-content/themes/simply-chocolate/static/page.bundle18c7.js]
[simplychocolate.dk/index99d9.html]
[simplychocolate.dk/wp-content/uploads/2017/08/about-simply-chocolate.mp4]
[simplychocolate.dk/wp-content/uploads/2017/08/content-2.jpg]
[simplychocolate.dk/wp-content/uploads/2017/08/9023.jpg]
[simplychocolate.dk/wp-content/uploads/2017/08/3889.jpg]
[simplychocolate.dk/wp-content/uploads/2017/08/Birgitte.jpg]
[simplychocolate.dk/wp-content/uploads/2017/08/4309.jpg]
[simplychocolate.dk/wp-content/uploads/2019/11/SC_SantasFavorite_16-9_Ratio.mp4]
[simplychocolate.dk/santasfavorite/index.html]
[simplychocolate.dk/wp-content/uploads/2017/08/Nis.jpg]
[simplychocolate.dk/wp-content/uploads/2017/08/Jesper.jpg]
[simplychocolate.dk/wp-content/uploads/2017/08/MichaelSuse.jpg]
[simplychocolate.dk/wp-content/uploads/2017/08/3814.jpg]
[simplychocolate.dk/wp-content/uploads/2018/09/Kenneth.jpg]
[simplychocolate.dk/wp-content/uploads/2017/08/Jacob_02.jpg]
[simplychocolate.dk/wp-content/themes/simply-chocolate/static/page.bundle18c7.js]
[simplychocolate.dk/wp-content/uploads/2017/08/3981.jpg]
[simplychocolate.dk/wp-content/uploads/2018/09/Pau.jpg]
[simplychocolate.dk/index198a.html]
[simplychocolate.dk/wp-content/uploads/2017/08/3961.jpg]
[simplychocolate.dk/indexe344.html]
[simplychocolate.dk/wp-content/uploads/2017/08/4031.jpg]
[simplychocolate.dk/wp-content/uploads/2017/08/4186.jpg]
[simplychocolate.dk/wp-content/uploads/2018/09/Christian.jpg]
[simplychocolate.dk/wp-content/uploads/2017/08/50x50cm_Portræt_Februar-3.jpg]
[simplychocolate.dk/wp-content/uploads/2017/08/4249.jpg]
[simplychocolate.dk/wp-content/uploads/2017/08/4077.jpg]
[simplychocolate.dk/wp-json/oembed/1.0/embed402d.json]
[simplychocolate.dk/wp-json/oembed/1.0/embede98c]
[simplychocolate.dk/index8fbb.html]
[simplychocolate.dk/wp-content/uploads/2017/09/store-1.jpg]
[simplychocolate.dk/index8cf4.html]
[simplychocolate.dk/wp-content/uploads/2017/09/160922-M-AARHUS-088.jpg]
[simplychocolate.dk/wp-content/uploads/2017/09/160922-M-ODENSE-091.jpg]
[simplychocolate.dk/wp-content/uploads/2017/09/160922-LYNGBY-062.jpg]
[simplychocolate.dk/wp-content/uploads/2017/09/160922-ROEDOVRE-005.jpg]
[simplychocolate.dk/wp-content/uploads/2017/09/160922-M-FIELDS-031.jpg]
[simplychocolate.dk/wp-content/uploads/2017/09/sc_mgl3319_300dpi.jpg]
[simplychocolate.dk/wp-json/oembed/1.0/embed97d3.json]
[simplychocolate.dk/index3f5a.html]
[simplychocolate.dk/wp-json/oembed/1.0/embed780d]
[simplychocolate.dk/wp-json/oembed/1.0/embed601d.json]
[simplychocolate.dk/indexcb73.html]
[simplychocolate.dk/wp-json/oembed/1.0/embed129a]
[simplychocolate.dk/wp-content/uploads/2017/08/SimplyChocolate_Katalog_Frontpage.jpg]
[simplychocolate.dk/indexefbe.html]
[simplychocolate.dk/wp-content/uploads/2019/04/SC_Barer_Februar_02-2.jpg]
[simplychocolate.dk/wp-content/uploads/2019/04/SAS_HandLuggage-5.png]
[simplychocolate.dk/index55b4.html]
[simplychocolate.dk/indexb2a8.html]
[simplychocolate.dk/wp-json/oembed/1.0/embed27b3.json]
[simplychocolate.dk/wp-json/oembed/1.0/embedcade]
[simplychocolate.dk/wp-content/uploads/2018/10/CocoaHorizon_WEBSITE1logo.png]
[simplychocolate.dk/wp-content/uploads/2018/10/CocoaHorizon_WEBSITE7logo.png]
[simplychocolate.dk/wp-content/uploads/2018/10/CocoaHorizon_WEBSITE6-e1539845566566.png]
[simplychocolate.dk/index4f52.html]
[simplychocolate.dk/wp-json/oembed/1.0/embed1c78.json]
[simplychocolate.dk/wp-json/oembed/1.0/embedfc65]
[simplychocolate.dk/wp-content/uploads/2018/12/CrispyCarrie-500x272.jpg]
[simplychocolate.dk/index2591.html]
[simplychocolate.dk/wp-json/oembed/1.0/embedb6e3.json]
[simplychocolate.dk/index9dfb.html]
[simplychocolate.dk/wp-json/oembed/1.0/embedddae]
[simplychocolate.dk/wp-content/uploads/2017/09/packaging_saltyfred.png]
[simplychocolate.dk/indexedce.html]
[simplychocolate.dk/wp-json/oembed/1.0/embed2888.json]
[simplychocolate.dk/indexe54b.html]
[simplychocolate.dk/wp-content/uploads/2017/09/packaging_freshfreddie.png]
[simplychocolate.dk/wp-json/oembed/1.0/embed55c5]
[simplychocolate.dk/index2202.html]
[simplychocolate.dk/wp-json/oembed/1.0/embeddbf6.json]
[simplychocolate.dk/index3869.html]
[simplychocolate.dk/wp-json/oembed/1.0/embed3f35]
[simplychocolate.dk/wp-content/uploads/2017/09/packaging_persianperry.png]
[simplychocolate.dk/index5442.html]
[simplychocolate.dk/wp-json/oembed/1.0/embed59ee.json]
[simplychocolate.dk/index11ba.html]
[simplychocolate.dk/wp-content/uploads/2017/09/packaging_darkmarci.png]
[simplychocolate.dk/wp-json/oembed/1.0/embed14e7]
[simplychocolate.dk/index27ac.html]
[simplychocolate.dk/wp-json/oembed/1.0/embed721e.json]
[simplychocolate.dk/index43ae.html]
[simplychocolate.dk/wp-content/uploads/2017/09/packaging_grainysue.png]
[simplychocolate.dk/wp-json/oembed/1.0/embeda3e3]
[simplychocolate.dk/index2cf9.html]
[simplychocolate.dk/wp-json/oembed/1.0/embedbd69.json]
[simplychocolate.dk/indexc358.html]
[simplychocolate.dk/wp-content/uploads/2017/09/packaging_grainybilly.png]
[simplychocolate.dk/wp-json/oembed/1.0/embed4224]
[simplychocolate.dk/index5750.html]
[simplychocolate.dk/wp-json/oembed/1.0/embed84dc.json]
[simplychocolate.dk/index098d.html]
[simplychocolate.dk/wp-json/oembed/1.0/embed5fe8]
[simplychocolate.dk/wp-content/uploads/2017/09/packaging_speedytom.png]
[simplychocolate.dk/index6205.html]
[simplychocolate.dk/wp-json/oembed/1.0/embedb3ec.json]
[simplychocolate.dk/indexec08.html]
[simplychocolate.dk/wp-json/oembed/1.0/embed5d66]
[simplychocolate.dk/wp-content/uploads/2017/09/packaging_fitfiona.png]
[simplychocolate.dk/indexc1f6.html]
[simplychocolate.dk/wp-json/oembed/1.0/embed9a33.json]
[simplychocolate.dk/index83ae.html]
[simplychocolate.dk/wp-json/oembed/1.0/embed9a73]
[simplychocolate.dk/wp-content/uploads/2017/09/packaging_richarnold.png]
[simplychocolate.dk/index14c7.html]
[simplychocolate.dk/index2341.html]
[simplychocolate.dk/; visit http_/facebook.github.io/react/docs/error-decoder97c4.html]
[simplychocolate.dk/wp-content/themes/simply-chocolate/media/packaging-mask_rounded.png]
[simplychocolate.dk/- http_/www.pixijs.com/index.html]
[simplychocolate.dk/indexeb8b.html]
[simplychocolate.dk/$&/index.html]
[simplychocolate.dk/wp-content/themes/simply-chocolate/media/packaging-mask_squared.png]
[simplychocolate.dk/wp-content/themes/simply-chocolate/media/smoke.png]
[simplychocolate.dk/wp-json/oembed/1.0/embedfb93.json]
[simplychocolate.dk/wp-json/oembed/1.0/embed4b70]
[simplychocolate.dk/indexbeb4.html]
[simplychocolate.dk/indexd85c.html]
[simplychocolate.dk/index578d.html]
[simplychocolate.dk/index2058.html]
[simplychocolate.dk/index8c56.html]
[simplychocolate.dk/indexeb6b.html]
[simplychocolate.dk/index1e99.html]
[simplychocolate.dk/indexef89.html]
[simplychocolate.dk/index811d.html]
[simplychocolate.dk/indexfdb3.html]
[simplychocolate.dk/indexd3e1.html]
[simplychocolate.dk/index958f.html]
[simplychocolate.dk/indexdae5.html]
[simplychocolate.dk/index9e39.html]
[simplychocolate.dk/indexf9d5.html]
[simplychocolate.dk/indexe361.html]
[simplychocolate.dk/indexd32e.html]
[simplychocolate.dk/index6246.html]
